###############################################################################
#                                                                             #
# IAR ELF Linker V6.50.3.4676/W32 for ARM               27/May/2015  21:49:12 #
# Copyright 2007-2013 IAR Systems AB.                                         #
#                                                                             #
#    Output file  =  G:\Servo2\Servo2\EWARM\Servo2 Configuration\Exe\Servo2   #
#                    Configuration.out                                        #
#    Map file     =  G:\Servo2\Servo2\EWARM\Servo2 Configuration/List\Servo2  #
#                    Configuration.map                                        #
#    Command line =  "G:\Servo2\Servo2\EWARM\Servo2                           #
#                    Configuration\Obj\ServoController.o"                     #
#                    "G:\Servo2\Servo2\EWARM\Servo2                           #
#                    Configuration\Obj\ServoProtocol.o"                       #
#                    "G:\Servo2\Servo2\EWARM\Servo2                           #
#                    Configuration\Obj\main.o" "G:\Servo2\Servo2\EWARM\Servo2 #
#                     Configuration\Obj\startup_stm32f103xb.o"                #
#                    "G:\Servo2\Servo2\EWARM\Servo2                           #
#                    Configuration\Obj\stm32f1xx_hal.o"                       #
#                    "G:\Servo2\Servo2\EWARM\Servo2                           #
#                    Configuration\Obj\stm32f1xx_hal_cortex.o"                #
#                    "G:\Servo2\Servo2\EWARM\Servo2                           #
#                    Configuration\Obj\stm32f1xx_hal_dma.o"                   #
#                    "G:\Servo2\Servo2\EWARM\Servo2                           #
#                    Configuration\Obj\stm32f1xx_hal_flash.o"                 #
#                    "G:\Servo2\Servo2\EWARM\Servo2                           #
#                    Configuration\Obj\stm32f1xx_hal_flash_ex.o"              #
#                    "G:\Servo2\Servo2\EWARM\Servo2                           #
#                    Configuration\Obj\stm32f1xx_hal_gpio.o"                  #
#                    "G:\Servo2\Servo2\EWARM\Servo2                           #
#                    Configuration\Obj\stm32f1xx_hal_gpio_ex.o"               #
#                    "G:\Servo2\Servo2\EWARM\Servo2                           #
#                    Configuration\Obj\stm32f1xx_hal_msp.o"                   #
#                    "G:\Servo2\Servo2\EWARM\Servo2                           #
#                    Configuration\Obj\stm32f1xx_hal_pwr.o"                   #
#                    "G:\Servo2\Servo2\EWARM\Servo2                           #
#                    Configuration\Obj\stm32f1xx_hal_rcc.o"                   #
#                    "G:\Servo2\Servo2\EWARM\Servo2                           #
#                    Configuration\Obj\stm32f1xx_hal_rcc_ex.o"                #
#                    "G:\Servo2\Servo2\EWARM\Servo2                           #
#                    Configuration\Obj\stm32f1xx_hal_tim.o"                   #
#                    "G:\Servo2\Servo2\EWARM\Servo2                           #
#                    Configuration\Obj\stm32f1xx_hal_tim_ex.o"                #
#                    "G:\Servo2\Servo2\EWARM\Servo2                           #
#                    Configuration\Obj\stm32f1xx_hal_uart.o"                  #
#                    "G:\Servo2\Servo2\EWARM\Servo2                           #
#                    Configuration\Obj\stm32f1xx_it.o"                        #
#                    "G:\Servo2\Servo2\EWARM\Servo2                           #
#                    Configuration\Obj\system_stm32f1xx.o" --redirect         #
#                    _Printf=_PrintfFull --redirect _Scanf=_ScanfFull -o      #
#                    "G:\Servo2\Servo2\EWARM\Servo2 Configuration\Exe\Servo2  #
#                    Configuration.out" --map "G:\Servo2\Servo2\EWARM\Servo2  #
#                    Configuration/List\Servo2 Configuration.map" --config    #
#                    "C:\Program Files (x86)\IAR Systems\Embedded Workbench   #
#                    6.5\arm\config\linker\ST\stm32f103x8.icf" --semihosting  #
#                    --entry __iar_program_start --vfe                        #
#                                                                             #
#                                                                             #
###############################################################################

*******************************************************************************
*** RUNTIME MODEL ATTRIBUTES
***

CppFlavor       = *
__SystemLibrary = DLib


*******************************************************************************
*** PLACEMENT SUMMARY
***

"A1":  place at 0x08000000 { ro section .intvec };
"P1":  place in [from 0x08000000 to 0x0800ffff] { ro };
"P2":  place in [from 0x20000000 to 0x20004fff] { rw, block CSTACK, block HEAP };

  Section            Kind        Address    Size  Object
  -------            ----        -------    ----  ------
"A1":                                       0xec
  .intvec            ro code  0x08000000    0xec  startup_stm32f103xb.o [1]
                            - 0x080000ec    0xec

"P1":                                     0x25f0
  .text              ro code  0x080000ec   0x8d8  stm32f1xx_hal_rcc.o [1]
  .text              ro code  0x080009c4    0x7c  stm32f1xx_hal.o [1]
  .text              ro code  0x08000a40    0x56  ABImemcpy.o [4]
  .text              ro code  0x08000a96    0x2e  copy_init3.o [4]
  .text              ro code  0x08000ac4   0x146  stm32f1xx_hal_cortex.o [1]
  .text              ro code  0x08000c0a    0x22  zero_init3.o [4]
  .text              ro code  0x08000c2c   0x2d8  stm32f1xx_hal_msp.o [1]
  .text              ro code  0x08000f04   0x2fc  stm32f1xx_hal_gpio.o [1]
  .text              ro code  0x08001200   0x592  stm32f1xx_hal_tim.o [1]
  .rodata            const    0x08001792     0x2  stm32f1xx_hal_rcc.o [1]
  .text              ro code  0x08001794   0x394  ServoController.o [1]
  .text              ro code  0x08001b28    0xa2  stm32f1xx_hal_tim_ex.o [1]
  .text              ro code  0x08001bcc   0x38c  stm32f1xx_hal_rcc_ex.o [1]
  .text              ro code  0x08001f58   0x260  main.o [1]
  .text              ro code  0x080021b8    0x98  ServoProtocol.o [1]
  .text              ro code  0x08002250   0x17c  stm32f1xx_hal_uart.o [1]
  .text              ro code  0x080023cc    0x68  system_stm32f1xx.o [1]
  .text              ro code  0x08002434    0x50  stm32f1xx_it.o [1]
  .text              ro code  0x08002484    0x28  data_init.o [4]
  .iar.init_table    const    0x080024ac    0x24  - Linker created -
  .text              ro code  0x080024d0    0x16  cmain.o [4]
  .text              ro code  0x080024e6     0x4  low_level_init.o [3]
  .text              ro code  0x080024ea     0x4  exit.o [3]
  .text              ro code  0x080024f0     0xa  cexit.o [4]
  .text              ro code  0x080024fc    0x14  exit.o [5]
  .rodata            const    0x08002510    0x10  stm32f1xx_hal_rcc.o [1]
  .rodata            const    0x08002520    0x10  stm32f1xx_hal_rcc.o [1]
  .text              ro code  0x08002530    0x10  startup_stm32f103xb.o [1]
  .text              ro code  0x08002540     0xc  cstartup_M.o [4]
  .rodata            const    0x0800254c     0x4  main.o [1]
  .text              ro code  0x08002550     0x4  startup_stm32f103xb.o [1]
  .text              ro code  0x08002554     0x4  startup_stm32f103xb.o [1]
  .text              ro code  0x08002558     0x4  startup_stm32f103xb.o [1]
  .text              ro code  0x0800255c     0x4  startup_stm32f103xb.o [1]
  .text              ro code  0x08002560     0x4  startup_stm32f103xb.o [1]
  .text              ro code  0x08002564     0x4  startup_stm32f103xb.o [1]
  .text              ro code  0x08002568     0x4  startup_stm32f103xb.o [1]
  .text              ro code  0x0800256c     0x4  startup_stm32f103xb.o [1]
  .text              ro code  0x08002570     0x4  startup_stm32f103xb.o [1]
  .text              ro code  0x08002574     0x4  startup_stm32f103xb.o [1]
  .text              ro code  0x08002578     0x4  startup_stm32f103xb.o [1]
  .text              ro code  0x0800257c     0x4  startup_stm32f103xb.o [1]
  .text              ro code  0x08002580     0x4  startup_stm32f103xb.o [1]
  .text              ro code  0x08002584     0x4  startup_stm32f103xb.o [1]
  .text              ro code  0x08002588     0x4  startup_stm32f103xb.o [1]
  .text              ro code  0x0800258c     0x4  startup_stm32f103xb.o [1]
  .text              ro code  0x08002590     0x4  startup_stm32f103xb.o [1]
  .text              ro code  0x08002594     0x4  startup_stm32f103xb.o [1]
  .text              ro code  0x08002598     0x4  startup_stm32f103xb.o [1]
  .text              ro code  0x0800259c     0x4  startup_stm32f103xb.o [1]
  .text              ro code  0x080025a0     0x4  startup_stm32f103xb.o [1]
  .text              ro code  0x080025a4     0x4  startup_stm32f103xb.o [1]
  .text              ro code  0x080025a8     0x4  startup_stm32f103xb.o [1]
  .text              ro code  0x080025ac     0x4  startup_stm32f103xb.o [1]
  .text              ro code  0x080025b0     0x4  startup_stm32f103xb.o [1]
  .text              ro code  0x080025b4     0x4  startup_stm32f103xb.o [1]
  .text              ro code  0x080025b8     0x4  startup_stm32f103xb.o [1]
  .text              ro code  0x080025bc     0x4  startup_stm32f103xb.o [1]
  .text              ro code  0x080025c0     0x4  startup_stm32f103xb.o [1]
  .text              ro code  0x080025c4     0x4  startup_stm32f103xb.o [1]
  .text              ro code  0x080025c8     0x4  startup_stm32f103xb.o [1]
  .text              ro code  0x080025cc     0x4  startup_stm32f103xb.o [1]
  .text              ro code  0x080025d0     0x4  startup_stm32f103xb.o [1]
  .text              ro code  0x080025d4     0x4  startup_stm32f103xb.o [1]
  .text              ro code  0x080025d8     0x4  startup_stm32f103xb.o [1]
  .text              ro code  0x080025dc     0x4  startup_stm32f103xb.o [1]
  .text              ro code  0x080025e0     0x4  startup_stm32f103xb.o [1]
  .text              ro code  0x080025e4     0x4  startup_stm32f103xb.o [1]
  .text              ro code  0x080025e8     0x4  startup_stm32f103xb.o [1]
  .text              ro code  0x080025ec     0x4  startup_stm32f103xb.o [1]
  .text              ro code  0x080025f0     0x4  startup_stm32f103xb.o [1]
  .text              ro code  0x080025f4     0x4  startup_stm32f103xb.o [1]
  .text              ro code  0x080025f8     0x4  startup_stm32f103xb.o [1]
  .text              ro code  0x080025fc     0x4  startup_stm32f103xb.o [1]
  .text              ro code  0x08002600     0x4  startup_stm32f103xb.o [1]
  .text              ro code  0x08002604     0x4  startup_stm32f103xb.o [1]
  .text              ro code  0x08002608     0x4  startup_stm32f103xb.o [1]
  .text              ro code  0x0800260c     0x4  startup_stm32f103xb.o [1]
  .text              ro code  0x08002610     0x4  startup_stm32f103xb.o [1]
  .text              ro code  0x08002614     0x4  startup_stm32f103xb.o [1]
  .rodata            const    0x08002618     0x0  zero_init3.o [4]
  .rodata            const    0x08002618     0x0  copy_init3.o [4]
  Initializer bytes  ro data  0x08002618    0xc4  <for P2 s0>
                            - 0x080026dc  0x25f0

"P2", part 1 of 3:                          0xc4
  P2 s0                       0x20000000    0xc4  <Init block>
    .data            inited   0x20000000    0x60  ServoController.o [1]
    .data            inited   0x20000060    0x60  ServoController.o [1]
    .data            inited   0x200000c0     0x4  system_stm32f1xx.o [1]
                            - 0x200000c4    0xc4

"P2", part 2 of 3:                         0x5a4
  .bss               zero     0x200000c4   0x400  ServoProtocol.o [1]
  .bss               zero     0x200004c4    0x60  ServoController.o [1]
  .bss               zero     0x20000524    0x40  main.o [1]
  .bss               zero     0x20000564    0x3c  ServoController.o [1]
  .bss               zero     0x200005a0    0x3c  ServoController.o [1]
  .bss               zero     0x200005dc    0x3c  ServoController.o [1]
  .bss               zero     0x20000618    0x3c  ServoController.o [1]
  .bss               zero     0x20000654     0x4  ServoProtocol.o [1]
  .bss               zero     0x20000658     0x4  ServoProtocol.o [1]
  .bss               zero     0x2000065c     0x4  stm32f1xx_hal.o [1]
  .bss               zero     0x20000660     0x4  stm32f1xx_it.o [1]
  .bss               zero     0x20000664     0x1  ServoProtocol.o [1]
                            - 0x20000665   0x5a1

"P2", part 3 of 3:                         0x800
  CSTACK                      0x20000668   0x800  <Block>
    CSTACK           uninit   0x20000668   0x800  <Block tail>
                            - 0x20000e68   0x800


*******************************************************************************
*** INIT TABLE
***

          Address     Size
          -------     ----
Zero (__iar_zero_init3)
    1 destination range, total size 0x5a1:
          0x200000c4  0x5a1

Copy (__iar_copy_init3)
    1 source range, total size 0xc4:
          0x08002618   0xc4
    1 destination range, total size 0xc4:
          0x20000000   0xc4



*******************************************************************************
*** MODULE SUMMARY
***

    Module                  ro code  ro data  rw data
    ------                  -------  -------  -------
G:\Servo2\Servo2\EWARM\Servo2 Configuration\Obj: [1]
    ServoController.o           916      192      528
    ServoProtocol.o             152             1 033
    main.o                      608        4       64
    startup_stm32f103xb.o       452
    stm32f1xx_hal.o             124                 4
    stm32f1xx_hal_cortex.o      326
    stm32f1xx_hal_gpio.o        764
    stm32f1xx_hal_msp.o         728
    stm32f1xx_hal_rcc.o       2 264       34
    stm32f1xx_hal_rcc_ex.o      908
    stm32f1xx_hal_tim.o       1 426
    stm32f1xx_hal_tim_ex.o      162
    stm32f1xx_hal_uart.o        380
    stm32f1xx_it.o               80                 4
    system_stm32f1xx.o          104        4        4
    -------------------------------------------------
    Total:                    9 394      234    1 637

command line: [2]
    -------------------------------------------------
    Total:

dl7M_tlf.a: [3]
    exit.o                        4
    low_level_init.o              4
    -------------------------------------------------
    Total:                        8

rt7M_tl.a: [4]
    ABImemcpy.o                  86
    cexit.o                      10
    cmain.o                      22
    copy_init3.o                 46
    cstartup_M.o                 12
    data_init.o                  40
    zero_init3.o                 34
    -------------------------------------------------
    Total:                      250

shb_l.a: [5]
    exit.o                       20
    -------------------------------------------------
    Total:                       20

    Gaps                          6
    Linker created                        36    2 048
-----------------------------------------------------
    Grand Total:              9 678      270    3 685


*******************************************************************************
*** ENTRY LIST
***

Entry                      Address   Size  Type      Object
-----                      -------   ----  ----      ------
?main                   0x080024d1         Code  Gb  cmain.o [4]
ADC1_2_IRQHandler       0x080025b9         Code  Wk  startup_stm32f103xb.o [1]
BusFault_Handler        0x0800255d         Code  Wk  startup_stm32f103xb.o [1]
CAN1_RX1_IRQHandler     0x080025c5         Code  Wk  startup_stm32f103xb.o [1]
CAN1_SCE_IRQHandler     0x080025c9         Code  Wk  startup_stm32f103xb.o [1]
CSTACK$$Base            0x20000668          --   Gb  - Linker created -
CSTACK$$Limit           0x20000e68          --   Gb  - Linker created -
DMA1_Channel1_IRQHandler
                        0x0800259d         Code  Wk  startup_stm32f103xb.o [1]
DMA1_Channel2_IRQHandler
                        0x080025a1         Code  Wk  startup_stm32f103xb.o [1]
DMA1_Channel3_IRQHandler
                        0x080025a5         Code  Wk  startup_stm32f103xb.o [1]
DMA1_Channel4_IRQHandler
                        0x080025a9         Code  Wk  startup_stm32f103xb.o [1]
DMA1_Channel5_IRQHandler
                        0x080025ad         Code  Wk  startup_stm32f103xb.o [1]
DMA1_Channel6_IRQHandler
                        0x080025b1         Code  Wk  startup_stm32f103xb.o [1]
DMA1_Channel7_IRQHandler
                        0x080025b5         Code  Wk  startup_stm32f103xb.o [1]
DebugMon_Handler        0x08002569         Code  Wk  startup_stm32f103xb.o [1]
EXTI0_IRQHandler        0x08002589         Code  Wk  startup_stm32f103xb.o [1]
EXTI15_10_IRQHandler    0x0800260d         Code  Wk  startup_stm32f103xb.o [1]
EXTI1_IRQHandler        0x0800258d         Code  Wk  startup_stm32f103xb.o [1]
EXTI2_IRQHandler        0x08002591         Code  Wk  startup_stm32f103xb.o [1]
EXTI3_IRQHandler        0x08002595         Code  Wk  startup_stm32f103xb.o [1]
EXTI4_IRQHandler        0x08002599         Code  Wk  startup_stm32f103xb.o [1]
EXTI9_5_IRQHandler      0x080025cd         Code  Wk  startup_stm32f103xb.o [1]
FLASH_IRQHandler        0x08002581         Code  Wk  startup_stm32f103xb.o [1]
HAL_Delay               0x08000a1d   0x1a  Code  Wk  stm32f1xx_hal.o [1]
HAL_GPIO_Init           0x08000f05  0x2ba  Code  Gb  stm32f1xx_hal_gpio.o [1]
HAL_GetTick             0x08000a17    0x6  Code  Wk  stm32f1xx_hal.o [1]
HAL_IncTick             0x08000a0b    0xc  Code  Wk  stm32f1xx_hal.o [1]
HAL_Init                0x080009c5   0x22  Code  Gb  stm32f1xx_hal.o [1]
HAL_InitTick            0x080009e7   0x24  Code  Wk  stm32f1xx_hal.o [1]
HAL_MspInit             0x08000c2d   0x46  Code  Gb  stm32f1xx_hal_msp.o [1]
HAL_NVIC_EnableIRQ      0x08000bc7    0xe  Code  Gb  stm32f1xx_hal_cortex.o [1]
HAL_NVIC_SetPriority    0x08000ba1   0x26  Code  Gb  stm32f1xx_hal_cortex.o [1]
HAL_NVIC_SetPriorityGrouping
                        0x08000b95    0xc  Code  Gb  stm32f1xx_hal_cortex.o [1]
HAL_RCC_ClockConfig     0x08001bcd  0x37a  Code  Gb  stm32f1xx_hal_rcc_ex.o [1]
HAL_RCC_GetHCLKFreq     0x0800091d   0x28  Code  Gb  stm32f1xx_hal_rcc.o [1]
HAL_RCC_GetPCLK1Freq    0x08000945   0x20  Code  Gb  stm32f1xx_hal_rcc.o [1]
HAL_RCC_GetPCLK2Freq    0x08000965   0x20  Code  Gb  stm32f1xx_hal_rcc.o [1]
HAL_RCC_GetSysClockFreq
                        0x08000893   0x8a  Code  Wk  stm32f1xx_hal_rcc.o [1]
HAL_RCC_OscConfig       0x080000ed  0x7a6  Code  Wk  stm32f1xx_hal_rcc.o [1]
HAL_SYSTICK_Callback    0x08000c09    0x2  Code  Wk  stm32f1xx_hal_cortex.o [1]
HAL_SYSTICK_Config      0x08000bd5    0xc  Code  Gb  stm32f1xx_hal_cortex.o [1]
HAL_SYSTICK_IRQHandler  0x08000c01    0x8  Code  Gb  stm32f1xx_hal_cortex.o [1]
HAL_TIMEx_ConfigBreakDeadTime
                        0x08001b29   0x48  Code  Gb  stm32f1xx_hal_tim_ex.o [1]
HAL_TIMEx_MasterConfigSynchronization
                        0x08001b71   0x5a  Code  Gb  stm32f1xx_hal_tim_ex.o [1]
HAL_TIM_Base_Init       0x08001201   0x38  Code  Gb  stm32f1xx_hal_tim.o [1]
HAL_TIM_Base_MspInit    0x08000c73  0x10e  Code  Gb  stm32f1xx_hal_msp.o [1]
HAL_TIM_Base_Start_IT   0x08001239   0x1e  Code  Gb  stm32f1xx_hal_tim.o [1]
HAL_TIM_ConfigClockSource
                        0x080013c9  0x11e  Code  Gb  stm32f1xx_hal_tim.o [1]
HAL_TIM_PWM_ConfigChannel
                        0x080012c9  0x100  Code  Gb  stm32f1xx_hal_tim.o [1]
HAL_TIM_PWM_Init        0x08001257   0x38  Code  Gb  stm32f1xx_hal_tim.o [1]
HAL_TIM_PWM_MspInit     0x08000d81   0xf8  Code  Gb  stm32f1xx_hal_msp.o [1]
HAL_TIM_PWM_Start       0x0800128f   0x36  Code  Gb  stm32f1xx_hal_tim.o [1]
HAL_UART_Init           0x08002251   0x70  Code  Gb  stm32f1xx_hal_uart.o [1]
HAL_UART_MspInit        0x08000e79   0x66  Code  Gb  stm32f1xx_hal_msp.o [1]
HardFault_Handler       0x08002555         Code  Wk  startup_stm32f103xb.o [1]
I2C1_ER_IRQHandler      0x080025f1         Code  Wk  startup_stm32f103xb.o [1]
I2C1_EV_IRQHandler      0x080025ed         Code  Wk  startup_stm32f103xb.o [1]
I2C2_ER_IRQHandler      0x080025f9         Code  Wk  startup_stm32f103xb.o [1]
I2C2_EV_IRQHandler      0x080025f5         Code  Wk  startup_stm32f103xb.o [1]
MX_GPIO_Init            0x080020fb   0x9e  Code  Lc  main.o [1]
MX_USART3_UART_Init     0x080020bf   0x3c  Code  Lc  main.o [1]
MemManage_Handler       0x08002559         Code  Wk  startup_stm32f103xb.o [1]
NMI_Handler             0x08002551         Code  Wk  startup_stm32f103xb.o [1]
NVIC_EnableIRQ          0x08000aed   0x18  Code  Lc  stm32f1xx_hal_cortex.o [1]
NVIC_EncodePriority     0x08000b27   0x3e  Code  Lc  stm32f1xx_hal_cortex.o [1]
NVIC_GetPriorityGrouping
                        0x08000ae3    0xa  Code  Lc  stm32f1xx_hal_cortex.o [1]
NVIC_SetPriority        0x08000b05   0x22  Code  Lc  stm32f1xx_hal_cortex.o [1]
NVIC_SetPriorityGrouping
                        0x08000ac5   0x1e  Code  Lc  stm32f1xx_hal_cortex.o [1]
PVD_IRQHandler          0x08002575         Code  Wk  startup_stm32f103xb.o [1]
PendSV_Handler          0x0800256d         Code  Wk  startup_stm32f103xb.o [1]
RCC_IRQHandler          0x08002585         Code  Wk  startup_stm32f103xb.o [1]
RTC_Alarm_IRQHandler    0x08002611         Code  Wk  startup_stm32f103xb.o [1]
RTC_IRQHandler          0x0800257d         Code  Wk  startup_stm32f103xb.o [1]
Region$$Table$$Base     0x080024ac          --   Gb  - Linker created -
Region$$Table$$Limit    0x080024d0          --   Gb  - Linker created -
Reset_Handler           0x08002531         Code  Wk  startup_stm32f103xb.o [1]
SC_TIM1_Init            0x0800182b   0xa4  Code  Gb  ServoController.o [1]
SC_TIM2_Init            0x080018cf   0x94  Code  Gb  ServoController.o [1]
SC_TIM3_Init            0x08001963   0x88  Code  Gb  ServoController.o [1]
SC_TIM4_Init            0x080019eb   0x92  Code  Gb  ServoController.o [1]
SERVO_CONTROLLER_Init   0x08001795   0x42  Code  Gb  ServoController.o [1]
SERVO_CONTROLLER_SetChannel
                        0x08001a7d   0x62  Code  Gb  ServoController.o [1]
SERVO_CONTROLLER_SetChannels
                        0x08001b0d   0x1c  Code  Gb  ServoController.o [1]
SERVO_CONTROLLER_Start  0x080017d7   0x54  Code  Gb  ServoController.o [1]
SERVO_PROTOCOL_Init     0x080021b9    0xc  Code  Gb  ServoProtocol.o [1]
SERVO_PROTOCOL_ProcessData
                        0x080021c5   0x20  Code  Gb  ServoProtocol.o [1]
SERVO_PROTOCOL_RcvCallback
                        0x080021e5   0x5c  Code  Gb  ServoProtocol.o [1]
SPI1_IRQHandler         0x080025fd         Code  Wk  startup_stm32f103xb.o [1]
SPI2_IRQHandler         0x08002601         Code  Wk  startup_stm32f103xb.o [1]
SVC_Handler             0x08002565         Code  Wk  startup_stm32f103xb.o [1]
ServoProtocolEventCallback
                        0x08002009   0x6e  Code  Gb  main.o [1]
SysTick_Config          0x08000b65   0x30  Code  Lc  stm32f1xx_hal_cortex.o [1]
SysTick_Handler         0x08002435    0xc  Code  Gb  stm32f1xx_it.o [1]
SystemClock_Config      0x08002077   0x48  Code  Gb  main.o [1]
SystemCoreClock         0x200000c0    0x4  Data  Gb  system_stm32f1xx.o [1]
SystemInit              0x080023cd   0x4e  Code  Gb  system_stm32f1xx.o [1]
TAMPER_IRQHandler       0x08002579         Code  Wk  startup_stm32f103xb.o [1]
TIM1_BRK_IRQHandler     0x080025d1         Code  Wk  startup_stm32f103xb.o [1]
TIM1_CC_IRQHandler      0x080025dd         Code  Wk  startup_stm32f103xb.o [1]
TIM1_TRG_COM_IRQHandler
                        0x080025d9         Code  Wk  startup_stm32f103xb.o [1]
TIM1_UP_IRQHandler      0x080025d5         Code  Wk  startup_stm32f103xb.o [1]
TIM2_IRQHandler         0x080025e1         Code  Wk  startup_stm32f103xb.o [1]
TIM3_IRQHandler         0x080025e5         Code  Wk  startup_stm32f103xb.o [1]
TIM4_IRQHandler         0x080025e9         Code  Wk  startup_stm32f103xb.o [1]
TIM_Base_SetConfig      0x080014e7   0x60  Code  Gb  stm32f1xx_hal_tim.o [1]
TIM_CCxChannelCmd       0x08001775   0x1e  Code  Gb  stm32f1xx_hal_tim.o [1]
TIM_ETR_SetConfig       0x08001759   0x1c  Code  Lc  stm32f1xx_hal_tim.o [1]
TIM_ITRx_SetConfig      0x08001743   0x16  Code  Lc  stm32f1xx_hal_tim.o [1]
TIM_OC1_SetConfig       0x08001547   0x66  Code  Lc  stm32f1xx_hal_tim.o [1]
TIM_OC2_SetConfig       0x080015ad   0x70  Code  Gb  stm32f1xx_hal_tim.o [1]
TIM_OC3_SetConfig       0x0800161d   0x6e  Code  Lc  stm32f1xx_hal_tim.o [1]
TIM_OC4_SetConfig       0x0800168b   0x52  Code  Lc  stm32f1xx_hal_tim.o [1]
TIM_TI1_ConfigInputStage
                        0x080016e9   0x2c  Code  Lc  stm32f1xx_hal_tim.o [1]
TIM_TI2_ConfigInputStage
                        0x08001715   0x2e  Code  Lc  stm32f1xx_hal_tim.o [1]
UART_RcvCallback        0x20000660    0x4  Data  Gb  stm32f1xx_it.o [1]
UART_SetConfig          0x080022c1  0x104  Code  Lc  stm32f1xx_hal_uart.o [1]
USART1_IRQHandler       0x08002605         Code  Wk  startup_stm32f103xb.o [1]
USART2_IRQHandler       0x08002609         Code  Wk  startup_stm32f103xb.o [1]
USART3_IRQHandler       0x08002441   0x3c  Code  Gb  stm32f1xx_it.o [1]
USBWakeUp_IRQHandler    0x08002615         Code  Wk  startup_stm32f103xb.o [1]
USB_HP_CAN1_TX_IRQHandler
                        0x080025bd         Code  Wk  startup_stm32f103xb.o [1]
USB_LP_CAN1_RX0_IRQHandler
                        0x080025c1         Code  Wk  startup_stm32f103xb.o [1]
UsageFault_Handler      0x08002561         Code  Wk  startup_stm32f103xb.o [1]
WWDG_IRQHandler         0x08002571         Code  Wk  startup_stm32f103xb.o [1]
__aeabi_memcpy4         0x08000a41         Code  Gb  ABImemcpy.o [4]
__aeabi_memcpy8         0x08000a41         Code  Gb  ABImemcpy.o [4]
__cmain                 0x080024d1         Code  Gb  cmain.o [4]
__exit                  0x080024fd   0x14  Code  Gb  exit.o [5]
__iar_copy_init3        0x08000a97   0x2e  Code  Gb  copy_init3.o [4]
__iar_data_init3        0x08002485   0x28  Code  Gb  data_init.o [4]
__iar_program_start     0x08002541         Code  Gb  cstartup_M.o [4]
__iar_zero_init3        0x08000c0b   0x22  Code  Gb  zero_init3.o [4]
__low_level_init        0x080024e7    0x4  Code  Gb  low_level_init.o [3]
__vector_table          0x08000000         Data  Gb  startup_stm32f103xb.o [1]
_call_main              0x080024dd         Code  Gb  cmain.o [4]
_exit                   0x080024f1         Code  Gb  cexit.o [4]
_main                   0x080024e3         Code  Gb  cmain.o [4]
aAPBAHBPrescTable       0x08002520   0x10  Data  Gb  stm32f1xx_hal_rcc.o [1]
ev_callback             0x20000658    0x4  Data  Gb  ServoProtocol.o [1]
exit                    0x080024eb    0x4  Code  Gb  exit.o [3]
htim1                   0x20000564   0x3c  Data  Gb  ServoController.o [1]
htim2                   0x200005a0   0x3c  Data  Gb  ServoController.o [1]
htim3                   0x200005dc   0x3c  Data  Gb  ServoController.o [1]
htim4                   0x20000618   0x3c  Data  Gb  ServoController.o [1]
huart3                  0x20000524   0x40  Data  Gb  main.o [1]
kServoCommSpeed         0x0800254c    0x4  Data  Gb  main.o [1]
lock_buffer             0x20000664    0x1  Data  Gb  ServoProtocol.o [1]
main                    0x08001f59   0xb0  Code  Gb  main.o [1]
rxBuffer                0x200000c4  0x400  Data  Gb  ServoProtocol.o [1]
rxCounter               0x20000654    0x4  Data  Gb  ServoProtocol.o [1]
servo_channels          0x200004c4   0x60  Data  Gb  ServoController.o [1]
tim_channels_table      0x20000000   0x60  Data  Gb  ServoController.o [1]
tim_handlers_table      0x20000060   0x60  Data  Gb  ServoController.o [1]
uwTick                  0x2000065c    0x4  Data  Lc  stm32f1xx_hal.o [1]


[1] = G:\Servo2\Servo2\EWARM\Servo2 Configuration\Obj
[2] = command line
[3] = dl7M_tlf.a
[4] = rt7M_tl.a
[5] = shb_l.a

  9 678 bytes of readonly  code memory
    270 bytes of readonly  data memory
  3 685 bytes of readwrite data memory

Errors: none
Warnings: none
