###############################################################################
#                                                                             #
# IAR ELF Linker V6.50.3.4676/W32 for ARM               27/May/2015  22:31:19 #
# Copyright 2007-2013 IAR Systems AB.                                         #
#                                                                             #
#    Output file  =  G:\MainController\MainController\EWARM\MainController    #
#                    Configuration\Exe\MainController Configuration.out       #
#    Map file     =  G:\MainController\MainController\EWARM\MainController    #
#                    Configuration/List\MainController Configuration.map      #
#    Command line =  "G:\MainController\MainController\EWARM\MainController   #
#                    Configuration\Obj\ServoProtocolMaster.o"                 #
#                    "G:\MainController\MainController\EWARM\MainController   #
#                    Configuration\Obj\WiFiCommModule.o"                      #
#                    "G:\MainController\MainController\EWARM\MainController   #
#                    Configuration\Obj\main.o" "G:\MainController\MainControl #
#                    ler\EWARM\MainController Configuration\Obj\startup_stm32 #
#                    f207xx.o" "G:\MainController\MainController\EWARM\MainCo #
#                    ntroller Configuration\Obj\stm32f2xx_hal.o"              #
#                    "G:\MainController\MainController\EWARM\MainController   #
#                    Configuration\Obj\stm32f2xx_hal_cortex.o"                #
#                    "G:\MainController\MainController\EWARM\MainController   #
#                    Configuration\Obj\stm32f2xx_hal_dma.o"                   #
#                    "G:\MainController\MainController\EWARM\MainController   #
#                    Configuration\Obj\stm32f2xx_hal_dma_ex.o"                #
#                    "G:\MainController\MainController\EWARM\MainController   #
#                    Configuration\Obj\stm32f2xx_hal_flash.o"                 #
#                    "G:\MainController\MainController\EWARM\MainController   #
#                    Configuration\Obj\stm32f2xx_hal_flash_ex.o"              #
#                    "G:\MainController\MainController\EWARM\MainController   #
#                    Configuration\Obj\stm32f2xx_hal_gpio.o"                  #
#                    "G:\MainController\MainController\EWARM\MainController   #
#                    Configuration\Obj\stm32f2xx_hal_msp.o"                   #
#                    "G:\MainController\MainController\EWARM\MainController   #
#                    Configuration\Obj\stm32f2xx_hal_pwr.o"                   #
#                    "G:\MainController\MainController\EWARM\MainController   #
#                    Configuration\Obj\stm32f2xx_hal_pwr_ex.o"                #
#                    "G:\MainController\MainController\EWARM\MainController   #
#                    Configuration\Obj\stm32f2xx_hal_rcc.o"                   #
#                    "G:\MainController\MainController\EWARM\MainController   #
#                    Configuration\Obj\stm32f2xx_hal_rcc_ex.o"                #
#                    "G:\MainController\MainController\EWARM\MainController   #
#                    Configuration\Obj\stm32f2xx_hal_uart.o"                  #
#                    "G:\MainController\MainController\EWARM\MainController   #
#                    Configuration\Obj\stm32f2xx_it.o"                        #
#                    "G:\MainController\MainController\EWARM\MainController   #
#                    Configuration\Obj\system_stm32f2xx.o" --redirect         #
#                    _Printf=_PrintfFull --redirect _Scanf=_ScanfFull -o      #
#                    "G:\MainController\MainController\EWARM\MainController   #
#                    Configuration\Exe\MainController Configuration.out"      #
#                    --map "G:\MainController\MainController\EWARM\MainContro #
#                    ller Configuration/List\MainController                   #
#                    Configuration.map" --config "C:\Program Files (x86)\IAR  #
#                    Systems\Embedded Workbench 6.5\arm\config\linker\ST\stm3 #
#                    2f207xC.icf" --semihosting --entry __iar_program_start   #
#                    --vfe                                                    #
#                                                                             #
#                                                                             #
###############################################################################

*******************************************************************************
*** RUNTIME MODEL ATTRIBUTES
***

CppFlavor                     = *
__Heap_Handler                = Basic
__SystemLibrary               = DLib
__dlib_dynamic_initialization = normal


*******************************************************************************
*** PLACEMENT SUMMARY
***

"A1":  place at 0x08000000 { ro section .intvec };
"P1":  place in [from 0x08000000 to 0x0803ffff] { ro };
"P2":  place in [from 0x20000000 to 0x2001ffff] { rw, block CSTACK, block HEAP };

  Section            Kind        Address    Size  Object
  -------            ----        -------    ----  ------
"A1":                                      0x184
  .intvec            ro code  0x08000000   0x184  startup_stm32f207xx.o [1]
                            - 0x08000184   0x184

"P1":                                     0x1b34
  .text              ro code  0x08000184   0x7d0  stm32f2xx_hal_uart.o [1]
  .text              ro code  0x08000954    0xc8  stm32f2xx_hal_msp.o [1]
  .text              ro code  0x08000a1c    0x70  stm32f2xx_hal.o [1]
  .text              ro code  0x08000a8c   0x758  stm32f2xx_hal_rcc.o [1]
  .text              ro code  0x080011e4   0x146  stm32f2xx_hal_cortex.o [1]
  .text              ro code  0x0800132a    0x2e  copy_init3.o [5]
  .text              ro code  0x08001358   0x2b0  stm32f2xx_hal_gpio.o [1]
  .text              ro code  0x08001608   0x1d4  main.o [1]
  .text              ro code  0x080017dc    0xd4  WiFiCommModule.o [1]
  .text              ro code  0x080018b0   0x158  ServoProtocolMaster.o [1]
  .text              ro code  0x08001a08    0x5c  system_stm32f2xx.o [1]
  .text              ro code  0x08001a64    0x28  data_init.o [5]
  .text              ro code  0x08001a8c    0x22  zero_init3.o [5]
  .iar.init_table    const    0x08001ab0    0x24  - Linker created -
  .text              ro code  0x08001ad4    0x16  cmain.o [5]
  .text              ro code  0x08001aea     0x4  low_level_init.o [3]
  .text              ro code  0x08001aee     0x4  exit.o [3]
  .text              ro code  0x08001af4     0xa  cexit.o [5]
  .text              ro code  0x08001b00    0x14  exit.o [6]
  .rodata            const    0x08001b14    0x10  stm32f2xx_hal_rcc.o [1]
  .text              ro code  0x08001b24    0x10  startup_stm32f207xx.o [1]
  .text              ro code  0x08001b34     0xc  stm32f2xx_it.o [1]
  .text              ro code  0x08001b40     0xc  cstartup_M.o [5]
  .rodata            const    0x08001b4c     0x4  WiFiCommModule.o [1]
  .text              ro code  0x08001b50     0x4  startup_stm32f207xx.o [1]
  .text              ro code  0x08001b54     0x4  startup_stm32f207xx.o [1]
  .text              ro code  0x08001b58     0x4  startup_stm32f207xx.o [1]
  .text              ro code  0x08001b5c     0x4  startup_stm32f207xx.o [1]
  .text              ro code  0x08001b60     0x4  startup_stm32f207xx.o [1]
  .text              ro code  0x08001b64     0x4  startup_stm32f207xx.o [1]
  .text              ro code  0x08001b68     0x4  startup_stm32f207xx.o [1]
  .text              ro code  0x08001b6c     0x4  startup_stm32f207xx.o [1]
  .text              ro code  0x08001b70     0x4  startup_stm32f207xx.o [1]
  .text              ro code  0x08001b74     0x4  startup_stm32f207xx.o [1]
  .text              ro code  0x08001b78     0x4  startup_stm32f207xx.o [1]
  .text              ro code  0x08001b7c     0x4  startup_stm32f207xx.o [1]
  .text              ro code  0x08001b80     0x4  startup_stm32f207xx.o [1]
  .text              ro code  0x08001b84     0x4  startup_stm32f207xx.o [1]
  .text              ro code  0x08001b88     0x4  startup_stm32f207xx.o [1]
  .text              ro code  0x08001b8c     0x4  startup_stm32f207xx.o [1]
  .text              ro code  0x08001b90     0x4  startup_stm32f207xx.o [1]
  .text              ro code  0x08001b94     0x4  startup_stm32f207xx.o [1]
  .text              ro code  0x08001b98     0x4  startup_stm32f207xx.o [1]
  .text              ro code  0x08001b9c     0x4  startup_stm32f207xx.o [1]
  .text              ro code  0x08001ba0     0x4  startup_stm32f207xx.o [1]
  .text              ro code  0x08001ba4     0x4  startup_stm32f207xx.o [1]
  .text              ro code  0x08001ba8     0x4  startup_stm32f207xx.o [1]
  .text              ro code  0x08001bac     0x4  startup_stm32f207xx.o [1]
  .text              ro code  0x08001bb0     0x4  startup_stm32f207xx.o [1]
  .text              ro code  0x08001bb4     0x4  startup_stm32f207xx.o [1]
  .text              ro code  0x08001bb8     0x4  startup_stm32f207xx.o [1]
  .text              ro code  0x08001bbc     0x4  startup_stm32f207xx.o [1]
  .text              ro code  0x08001bc0     0x4  startup_stm32f207xx.o [1]
  .text              ro code  0x08001bc4     0x4  startup_stm32f207xx.o [1]
  .text              ro code  0x08001bc8     0x4  startup_stm32f207xx.o [1]
  .text              ro code  0x08001bcc     0x4  startup_stm32f207xx.o [1]
  .text              ro code  0x08001bd0     0x4  startup_stm32f207xx.o [1]
  .text              ro code  0x08001bd4     0x4  startup_stm32f207xx.o [1]
  .text              ro code  0x08001bd8     0x4  startup_stm32f207xx.o [1]
  .text              ro code  0x08001bdc     0x4  startup_stm32f207xx.o [1]
  .text              ro code  0x08001be0     0x4  startup_stm32f207xx.o [1]
  .text              ro code  0x08001be4     0x4  startup_stm32f207xx.o [1]
  .text              ro code  0x08001be8     0x4  startup_stm32f207xx.o [1]
  .text              ro code  0x08001bec     0x4  startup_stm32f207xx.o [1]
  .text              ro code  0x08001bf0     0x4  startup_stm32f207xx.o [1]
  .text              ro code  0x08001bf4     0x4  startup_stm32f207xx.o [1]
  .text              ro code  0x08001bf8     0x4  startup_stm32f207xx.o [1]
  .text              ro code  0x08001bfc     0x4  startup_stm32f207xx.o [1]
  .text              ro code  0x08001c00     0x4  startup_stm32f207xx.o [1]
  .text              ro code  0x08001c04     0x4  startup_stm32f207xx.o [1]
  .text              ro code  0x08001c08     0x4  startup_stm32f207xx.o [1]
  .text              ro code  0x08001c0c     0x4  startup_stm32f207xx.o [1]
  .text              ro code  0x08001c10     0x4  startup_stm32f207xx.o [1]
  .text              ro code  0x08001c14     0x4  startup_stm32f207xx.o [1]
  .text              ro code  0x08001c18     0x4  startup_stm32f207xx.o [1]
  .text              ro code  0x08001c1c     0x4  startup_stm32f207xx.o [1]
  .text              ro code  0x08001c20     0x4  startup_stm32f207xx.o [1]
  .text              ro code  0x08001c24     0x4  startup_stm32f207xx.o [1]
  .text              ro code  0x08001c28     0x4  startup_stm32f207xx.o [1]
  .text              ro code  0x08001c2c     0x4  startup_stm32f207xx.o [1]
  .text              ro code  0x08001c30     0x4  startup_stm32f207xx.o [1]
  .text              ro code  0x08001c34     0x4  startup_stm32f207xx.o [1]
  .text              ro code  0x08001c38     0x4  startup_stm32f207xx.o [1]
  .text              ro code  0x08001c3c     0x4  startup_stm32f207xx.o [1]
  .text              ro code  0x08001c40     0x4  startup_stm32f207xx.o [1]
  .text              ro code  0x08001c44     0x4  startup_stm32f207xx.o [1]
  .text              ro code  0x08001c48     0x4  startup_stm32f207xx.o [1]
  .text              ro code  0x08001c4c     0x4  startup_stm32f207xx.o [1]
  .text              ro code  0x08001c50     0x4  startup_stm32f207xx.o [1]
  .text              ro code  0x08001c54     0x4  startup_stm32f207xx.o [1]
  .text              ro code  0x08001c58     0x4  startup_stm32f207xx.o [1]
  .text              ro code  0x08001c5c     0x4  startup_stm32f207xx.o [1]
  .text              ro code  0x08001c60     0x4  startup_stm32f207xx.o [1]
  .text              ro code  0x08001c64     0x4  startup_stm32f207xx.o [1]
  .text              ro code  0x08001c68     0x4  startup_stm32f207xx.o [1]
  .text              ro code  0x08001c6c     0x4  startup_stm32f207xx.o [1]
  .text              ro code  0x08001c70     0x4  startup_stm32f207xx.o [1]
  .text              ro code  0x08001c74     0x4  startup_stm32f207xx.o [1]
  .text              ro code  0x08001c78     0x4  startup_stm32f207xx.o [1]
  .text              ro code  0x08001c7c     0x4  startup_stm32f207xx.o [1]
  .text              ro code  0x08001c80     0x4  startup_stm32f207xx.o [1]
  .text              ro code  0x08001c84     0x4  startup_stm32f207xx.o [1]
  .text              ro code  0x08001c88     0x4  startup_stm32f207xx.o [1]
  .text              ro code  0x08001c8c     0x4  startup_stm32f207xx.o [1]
  .text              ro code  0x08001c90     0x4  startup_stm32f207xx.o [1]
  .text              ro code  0x08001c94     0x4  startup_stm32f207xx.o [1]
  .text              ro code  0x08001c98     0x4  startup_stm32f207xx.o [1]
  .text              ro code  0x08001c9c     0x4  startup_stm32f207xx.o [1]
  .text              ro code  0x08001ca0     0x4  startup_stm32f207xx.o [1]
  .text              ro code  0x08001ca4     0x4  startup_stm32f207xx.o [1]
  .text              ro code  0x08001ca8     0x4  startup_stm32f207xx.o [1]
  .text              ro code  0x08001cac     0x4  startup_stm32f207xx.o [1]
  .text              ro code  0x08001cb0     0x4  startup_stm32f207xx.o [1]
  .rodata            const    0x08001cb4     0x0  zero_init3.o [5]
  .rodata            const    0x08001cb4     0x0  copy_init3.o [5]
  Initializer bytes  ro data  0x08001cb4     0x4  <for P2 s0>
                            - 0x08001cb8  0x1b34

"P2", part 1 of 3:                           0x4
  P2 s0                       0x20000000     0x4  <Init block>
    .data            inited   0x20000000     0x4  system_stm32f2xx.o [1]
                            - 0x20000004     0x4

"P2", part 2 of 3:                         0x284
  .bss               zero     0x20000004   0x200  ServoProtocolMaster.o [1]
  .bss               zero     0x20000204    0x3c  ServoProtocolMaster.o [1]
  .bss               zero     0x20000240    0x3c  WiFiCommModule.o [1]
  .bss               zero     0x2000027c     0x4  WiFiCommModule.o [1]
  .bss               zero     0x20000280     0x4  stm32f2xx_hal.o [1]
                            - 0x20000284   0x280

"P2", part 3 of 3:                        0x2000
  CSTACK                      0x20000288  0x2000  <Block>
    CSTACK           uninit   0x20000288  0x2000  <Block tail>
                            - 0x20002288  0x2000


*******************************************************************************
*** INIT TABLE
***

          Address     Size
          -------     ----
Zero (__iar_zero_init3)
    1 destination range, total size 0x280:
          0x20000004  0x280

Copy (__iar_copy_init3)
    1 source range, total size 0x4:
          0x08001cb4    0x4
    1 destination range, total size 0x4:
          0x20000000    0x4



*******************************************************************************
*** MODULE SUMMARY
***

    Module                  ro code  ro data  rw data
    ------                  -------  -------  -------
G:\MainController\MainController\EWARM\MainController Configuration\Obj: [1]
    ServoProtocolMaster.o       344               572
    WiFiCommModule.o            212        4       64
    main.o                      468
    startup_stm32f207xx.o       760
    stm32f2xx_hal.o             112                 4
    stm32f2xx_hal_cortex.o      326
    stm32f2xx_hal_gpio.o        688
    stm32f2xx_hal_msp.o         200
    stm32f2xx_hal_rcc.o       1 880       16
    stm32f2xx_hal_uart.o      2 000
    stm32f2xx_it.o               12
    system_stm32f2xx.o           92        4        4
    -------------------------------------------------
    Total:                    7 094       24      644

command line: [2]
    -------------------------------------------------
    Total:

dl7M_tlf.a: [3]
    exit.o                        4
    low_level_init.o              4
    -------------------------------------------------
    Total:                        8

m7M_tl.a: [4]
    -------------------------------------------------
    Total:

rt7M_tl.a: [5]
    cexit.o                      10
    cmain.o                      22
    copy_init3.o                 46
    cstartup_M.o                 12
    data_init.o                  40
    zero_init3.o                 34
    -------------------------------------------------
    Total:                      164

shb_l.a: [6]
    exit.o                       20
    -------------------------------------------------
    Total:                       20

    Gaps                          4        2
    Linker created                        36    8 192
-----------------------------------------------------
    Grand Total:              7 290       62    8 836


*******************************************************************************
*** ENTRY LIST
***

Entry                      Address   Size  Type      Object
-----                      -------   ----  ----      ------
?main                   0x08001ad5         Code  Gb  cmain.o [5]
ADC_IRQHandler          0x08001bbd         Code  Wk  startup_stm32f207xx.o [1]
APBAHBPrescTable        0x08001b14   0x10  Data  Gb  stm32f2xx_hal_rcc.o [1]
BusFault_Handler        0x08001b5d         Code  Wk  startup_stm32f207xx.o [1]
CAN1_RX0_IRQHandler     0x08001bc5         Code  Wk  startup_stm32f207xx.o [1]
CAN1_RX1_IRQHandler     0x08001bc9         Code  Wk  startup_stm32f207xx.o [1]
CAN1_SCE_IRQHandler     0x08001bcd         Code  Wk  startup_stm32f207xx.o [1]
CAN1_TX_IRQHandler      0x08001bc1         Code  Wk  startup_stm32f207xx.o [1]
CAN2_RX0_IRQHandler     0x08001c75         Code  Wk  startup_stm32f207xx.o [1]
CAN2_RX1_IRQHandler     0x08001c79         Code  Wk  startup_stm32f207xx.o [1]
CAN2_SCE_IRQHandler     0x08001c7d         Code  Wk  startup_stm32f207xx.o [1]
CAN2_TX_IRQHandler      0x08001c71         Code  Wk  startup_stm32f207xx.o [1]
CSTACK$$Base            0x20000288          --   Gb  - Linker created -
CSTACK$$Limit           0x20002288          --   Gb  - Linker created -
DCMI_IRQHandler         0x08001cad         Code  Wk  startup_stm32f207xx.o [1]
DMA1_Stream0_IRQHandler
                        0x08001ba1         Code  Wk  startup_stm32f207xx.o [1]
DMA1_Stream1_IRQHandler
                        0x08001ba5         Code  Wk  startup_stm32f207xx.o [1]
DMA1_Stream2_IRQHandler
                        0x08001ba9         Code  Wk  startup_stm32f207xx.o [1]
DMA1_Stream3_IRQHandler
                        0x08001bad         Code  Wk  startup_stm32f207xx.o [1]
DMA1_Stream4_IRQHandler
                        0x08001bb1         Code  Wk  startup_stm32f207xx.o [1]
DMA1_Stream5_IRQHandler
                        0x08001bb5         Code  Wk  startup_stm32f207xx.o [1]
DMA1_Stream6_IRQHandler
                        0x08001bb9         Code  Wk  startup_stm32f207xx.o [1]
DMA1_Stream7_IRQHandler
                        0x08001c31         Code  Wk  startup_stm32f207xx.o [1]
DMA2_Stream0_IRQHandler
                        0x08001c55         Code  Wk  startup_stm32f207xx.o [1]
DMA2_Stream1_IRQHandler
                        0x08001c59         Code  Wk  startup_stm32f207xx.o [1]
DMA2_Stream2_IRQHandler
                        0x08001c5d         Code  Wk  startup_stm32f207xx.o [1]
DMA2_Stream3_IRQHandler
                        0x08001c61         Code  Wk  startup_stm32f207xx.o [1]
DMA2_Stream4_IRQHandler
                        0x08001c65         Code  Wk  startup_stm32f207xx.o [1]
DMA2_Stream5_IRQHandler
                        0x08001c85         Code  Wk  startup_stm32f207xx.o [1]
DMA2_Stream6_IRQHandler
                        0x08001c89         Code  Wk  startup_stm32f207xx.o [1]
DMA2_Stream7_IRQHandler
                        0x08001c8d         Code  Wk  startup_stm32f207xx.o [1]
DebugMon_Handler        0x08001b69         Code  Wk  startup_stm32f207xx.o [1]
ETH_IRQHandler          0x08001c69         Code  Wk  startup_stm32f207xx.o [1]
ETH_WKUP_IRQHandler     0x08001c6d         Code  Wk  startup_stm32f207xx.o [1]
EXTI0_IRQHandler        0x08001b8d         Code  Wk  startup_stm32f207xx.o [1]
EXTI15_10_IRQHandler    0x08001c15         Code  Wk  startup_stm32f207xx.o [1]
EXTI1_IRQHandler        0x08001b91         Code  Wk  startup_stm32f207xx.o [1]
EXTI2_IRQHandler        0x08001b95         Code  Wk  startup_stm32f207xx.o [1]
EXTI3_IRQHandler        0x08001b99         Code  Wk  startup_stm32f207xx.o [1]
EXTI4_IRQHandler        0x08001b9d         Code  Wk  startup_stm32f207xx.o [1]
EXTI9_5_IRQHandler      0x08001bd1         Code  Wk  startup_stm32f207xx.o [1]
FLASH_IRQHandler        0x08001b85         Code  Wk  startup_stm32f207xx.o [1]
FSMC_IRQHandler         0x08001c35         Code  Wk  startup_stm32f207xx.o [1]
HAL_Delay               0x08000a6b   0x18  Code  Gb  stm32f2xx_hal.o [1]
HAL_GPIO_Init           0x08001359  0x260  Code  Gb  stm32f2xx_hal_gpio.o [1]
HAL_GPIO_WritePin       0x080015b9    0xe  Code  Gb  stm32f2xx_hal_gpio.o [1]
HAL_GetTick             0x08000a65    0x6  Code  Gb  stm32f2xx_hal.o [1]
HAL_IncTick             0x08000a59    0xc  Code  Gb  stm32f2xx_hal.o [1]
HAL_Init                0x08000a1d   0x3c  Code  Gb  stm32f2xx_hal.o [1]
HAL_MspInit             0x08000955   0x16  Code  Gb  stm32f2xx_hal_msp.o [1]
HAL_NVIC_EnableIRQ      0x080012e7    0xe  Code  Gb  stm32f2xx_hal_cortex.o [1]
HAL_NVIC_SetPriority    0x080012c1   0x26  Code  Gb  stm32f2xx_hal_cortex.o [1]
HAL_NVIC_SetPriorityGrouping
                        0x080012b5    0xc  Code  Gb  stm32f2xx_hal_cortex.o [1]
HAL_RCC_ClockConfig     0x08000e47  0x22c  Code  Gb  stm32f2xx_hal_rcc.o [1]
HAL_RCC_GetHCLKFreq     0x08001125   0x28  Code  Gb  stm32f2xx_hal_rcc.o [1]
HAL_RCC_GetPCLK1Freq    0x0800114d   0x20  Code  Gb  stm32f2xx_hal_rcc.o [1]
HAL_RCC_GetPCLK2Freq    0x0800116d   0x20  Code  Gb  stm32f2xx_hal_rcc.o [1]
HAL_RCC_GetSysClockFreq
                        0x08001073   0xb2  Code  Gb  stm32f2xx_hal_rcc.o [1]
HAL_RCC_OscConfig       0x08000ae9  0x35e  Code  Gb  stm32f2xx_hal_rcc.o [1]
HAL_SYSTICK_Callback    0x08001329    0x2  Code  Wk  stm32f2xx_hal_cortex.o [1]
HAL_SYSTICK_Config      0x080012f5    0xc  Code  Gb  stm32f2xx_hal_cortex.o [1]
HAL_SYSTICK_IRQHandler  0x08001321    0x8  Code  Gb  stm32f2xx_hal_cortex.o [1]
HAL_UART_ErrorCallback  0x080004db    0x2  Code  Wk  stm32f2xx_hal_uart.o [1]
HAL_UART_IRQHandler     0x08000379  0x15e  Code  Gb  stm32f2xx_hal_uart.o [1]
HAL_UART_Init           0x08000185   0x6c  Code  Gb  stm32f2xx_hal_uart.o [1]
HAL_UART_MspInit        0x0800096b   0x9c  Code  Gb  stm32f2xx_hal_msp.o [1]
HAL_UART_RxCpltCallback
                        0x080004d9    0x2  Code  Wk  stm32f2xx_hal_uart.o [1]
HAL_UART_Transmit       0x080001f1   0xfe  Code  Gb  stm32f2xx_hal_uart.o [1]
HAL_UART_Transmit_IT    0x080002ef   0x8a  Code  Gb  stm32f2xx_hal_uart.o [1]
HAL_UART_TxCpltCallback
                        0x080004d7    0x2  Code  Wk  stm32f2xx_hal_uart.o [1]
HASH_RNG_IRQHandler     0x08001cb1         Code  Wk  startup_stm32f207xx.o [1]
HardFault_Handler       0x08001b55         Code  Wk  startup_stm32f207xx.o [1]
I2C1_ER_IRQHandler      0x08001bf5         Code  Wk  startup_stm32f207xx.o [1]
I2C1_EV_IRQHandler      0x08001bf1         Code  Wk  startup_stm32f207xx.o [1]
I2C2_ER_IRQHandler      0x08001bfd         Code  Wk  startup_stm32f207xx.o [1]
I2C2_EV_IRQHandler      0x08001bf9         Code  Wk  startup_stm32f207xx.o [1]
I2C3_ER_IRQHandler      0x08001c99         Code  Wk  startup_stm32f207xx.o [1]
I2C3_EV_IRQHandler      0x08001c95         Code  Wk  startup_stm32f207xx.o [1]
MX_GPIO_Init            0x080016ed   0xd8  Code  Lc  main.o [1]
MemManage_Handler       0x08001b59         Code  Wk  startup_stm32f207xx.o [1]
NMI_Handler             0x08001b51         Code  Wk  startup_stm32f207xx.o [1]
NVIC_EnableIRQ          0x0800120d   0x18  Code  Lc  stm32f2xx_hal_cortex.o [1]
NVIC_EncodePriority     0x08001247   0x3e  Code  Lc  stm32f2xx_hal_cortex.o [1]
NVIC_GetPriorityGrouping
                        0x08001203    0xa  Code  Lc  stm32f2xx_hal_cortex.o [1]
NVIC_SetPriority        0x08001225   0x22  Code  Lc  stm32f2xx_hal_cortex.o [1]
NVIC_SetPriority        0x08000a8d   0x26  Code  Lc  stm32f2xx_hal_rcc.o [1]
NVIC_SetPriorityGrouping
                        0x080011e5   0x1e  Code  Lc  stm32f2xx_hal_cortex.o [1]
OTG_FS_IRQHandler       0x08001c81         Code  Wk  startup_stm32f207xx.o [1]
OTG_FS_WKUP_IRQHandler  0x08001c1d         Code  Wk  startup_stm32f207xx.o [1]
OTG_HS_EP1_IN_IRQHandler
                        0x08001ca1         Code  Wk  startup_stm32f207xx.o [1]
OTG_HS_EP1_OUT_IRQHandler
                        0x08001c9d         Code  Wk  startup_stm32f207xx.o [1]
OTG_HS_IRQHandler       0x08001ca9         Code  Wk  startup_stm32f207xx.o [1]
OTG_HS_WKUP_IRQHandler  0x08001ca5         Code  Wk  startup_stm32f207xx.o [1]
PVD_IRQHandler          0x08001b79         Code  Wk  startup_stm32f207xx.o [1]
PendSV_Handler          0x08001b6d         Code  Wk  startup_stm32f207xx.o [1]
RCC_IRQHandler          0x08001b89         Code  Wk  startup_stm32f207xx.o [1]
RTC_Alarm_IRQHandler    0x08001c19         Code  Wk  startup_stm32f207xx.o [1]
RTC_WKUP_IRQHandler     0x08001b81         Code  Wk  startup_stm32f207xx.o [1]
Region$$Table$$Base     0x08001ab0          --   Gb  - Linker created -
Region$$Table$$Limit    0x08001ad4          --   Gb  - Linker created -
Reset_Handler           0x08001b25         Code  Wk  startup_stm32f207xx.o [1]
SDIO_IRQHandler         0x08001c39         Code  Wk  startup_stm32f207xx.o [1]
SERVO_PROTOCOL_Init     0x080018b1    0x8  Code  Gb  ServoProtocolMaster.o [1]
SERVO_PROTOCOL_SendCommand
                        0x080018b9   0xfc  Code  Gb  ServoProtocolMaster.o [1]
SPI1_IRQHandler         0x08001c01         Code  Wk  startup_stm32f207xx.o [1]
SPI2_IRQHandler         0x08001c05         Code  Wk  startup_stm32f207xx.o [1]
SPI3_IRQHandler         0x08001c41         Code  Wk  startup_stm32f207xx.o [1]
SP_USART2_UART_Init     0x080019b5   0x3a  Code  Lc  ServoProtocolMaster.o [1]
SVC_Handler             0x08001b65         Code  Wk  startup_stm32f207xx.o [1]
SysTick_Config          0x08001285   0x30  Code  Lc  stm32f2xx_hal_cortex.o [1]
SysTick_Config          0x08000ab3   0x36  Code  Lc  stm32f2xx_hal_rcc.o [1]
SysTick_Handler         0x08001b35    0xc  Code  Gb  stm32f2xx_it.o [1]
SystemClock_Config      0x0800169f   0x4e  Code  Gb  main.o [1]
SystemCoreClock         0x20000000    0x4  Data  Gb  system_stm32f2xx.o [1]
SystemInit              0x08001a09   0x40  Code  Gb  system_stm32f2xx.o [1]
TAMP_STAMP_IRQHandler   0x08001b7d         Code  Wk  startup_stm32f207xx.o [1]
TIM1_BRK_TIM9_IRQHandler
                        0x08001bd5         Code  Wk  startup_stm32f207xx.o [1]
TIM1_CC_IRQHandler      0x08001be1         Code  Wk  startup_stm32f207xx.o [1]
TIM1_TRG_COM_TIM11_IRQHandler
                        0x08001bdd         Code  Wk  startup_stm32f207xx.o [1]
TIM1_UP_TIM10_IRQHandler
                        0x08001bd9         Code  Wk  startup_stm32f207xx.o [1]
TIM2_IRQHandler         0x08001be5         Code  Wk  startup_stm32f207xx.o [1]
TIM3_IRQHandler         0x08001be9         Code  Wk  startup_stm32f207xx.o [1]
TIM4_IRQHandler         0x08001bed         Code  Wk  startup_stm32f207xx.o [1]
TIM5_IRQHandler         0x08001c3d         Code  Wk  startup_stm32f207xx.o [1]
TIM6_DAC_IRQHandler     0x08001c4d         Code  Wk  startup_stm32f207xx.o [1]
TIM7_IRQHandler         0x08001c51         Code  Wk  startup_stm32f207xx.o [1]
TIM8_BRK_TIM12_IRQHandler
                        0x08001c21         Code  Wk  startup_stm32f207xx.o [1]
TIM8_CC_IRQHandler      0x08001c2d         Code  Wk  startup_stm32f207xx.o [1]
TIM8_TRG_COM_TIM14_IRQHandler
                        0x08001c29         Code  Wk  startup_stm32f207xx.o [1]
TIM8_UP_TIM13_IRQHandler
                        0x08001c25         Code  Wk  startup_stm32f207xx.o [1]
UART4_IRQHandler        0x08001c45         Code  Wk  startup_stm32f207xx.o [1]
UART5_IRQHandler        0x08001c49         Code  Wk  startup_stm32f207xx.o [1]
UART_Receive_IT         0x08000673   0xea  Code  Lc  stm32f2xx_hal_uart.o [1]
UART_SetConfig          0x0800075d  0x1ec  Code  Lc  stm32f2xx_hal_uart.o [1]
UART_Transmit_IT        0x080005b1   0xc2  Code  Lc  stm32f2xx_hal_uart.o [1]
UART_WaitOnFlagUntilTimeout
                        0x080004dd   0xd4  Code  Lc  stm32f2xx_hal_uart.o [1]
USART1_IRQHandler       0x08001c09         Code  Wk  startup_stm32f207xx.o [1]
USART2_IRQHandler       0x080019ef    0xa  Code  Gb  ServoProtocolMaster.o [1]
USART3_IRQHandler       0x08001c11         Code  Wk  startup_stm32f207xx.o [1]
USART6_IRQHandler       0x08001c91         Code  Wk  startup_stm32f207xx.o [1]
UsageFault_Handler      0x08001b61         Code  Wk  startup_stm32f207xx.o [1]
WF_ERROR_Handler        0x080017ef    0x2  Code  Gb  WiFiCommModule.o [1]
WF_Init                 0x080017dd   0x12  Code  Gb  WiFiCommModule.o [1]
WF_USART3_UART_Init     0x08001847   0x3e  Code  Gb  WiFiCommModule.o [1]
WWDG_IRQHandler         0x08001b75         Code  Wk  startup_stm32f207xx.o [1]
__cmain                 0x08001ad5         Code  Gb  cmain.o [5]
__exit                  0x08001b01   0x14  Code  Gb  exit.o [6]
__iar_copy_init3        0x0800132b   0x2e  Code  Gb  copy_init3.o [5]
__iar_data_init3        0x08001a65   0x28  Code  Gb  data_init.o [5]
__iar_program_start     0x08001b41         Code  Gb  cstartup_M.o [5]
__iar_zero_init3        0x08001a8d   0x22  Code  Gb  zero_init3.o [5]
__low_level_init        0x08001aeb    0x4  Code  Gb  low_level_init.o [3]
__vector_table          0x08000000         Data  Gb  startup_stm32f207xx.o [1]
_call_main              0x08001ae1         Code  Gb  cmain.o [5]
_exit                   0x08001af5         Code  Gb  cexit.o [5]
_main                   0x08001ae7         Code  Gb  cmain.o [5]
bglib_output            0x2000027c    0x4  Data  Gb  WiFiCommModule.o [1]
exit                    0x08001aef    0x4  Code  Gb  exit.o [3]
huart2                  0x20000204   0x3c  Data  Gb  ServoProtocolMaster.o [1]
huart3                  0x20000240   0x3c  Data  Gb  WiFiCommModule.o [1]
k_wifi_module_comm_baudrate
                        0x08001b4c    0x4  Data  Gb  WiFiCommModule.o [1]
main                    0x08001609   0x96  Code  Gb  main.o [1]
send_message            0x080017f5   0x52  Code  Lc  WiFiCommModule.o [1]
servoTxBuffer           0x20000004  0x200  Data  Gb  ServoProtocolMaster.o [1]
uart_tx                 0x08001885   0x18  Code  Gb  WiFiCommModule.o [1]
uwTick                  0x20000280    0x4  Data  Lc  stm32f2xx_hal.o [1]


[1] = G:\MainController\MainController\EWARM\MainController Configuration\Obj
[2] = command line
[3] = dl7M_tlf.a
[4] = m7M_tl.a
[5] = rt7M_tl.a
[6] = shb_l.a

  7 290 bytes of readonly  code memory
     62 bytes of readonly  data memory
  8 836 bytes of readwrite data memory

Errors: none
Warnings: none
